// Jest Snapshot v1, https://goo.gl/fbAQLP

exports[`matches snapshot 1`] = `
<div
  className="StyledGrommet-sc-19lkkz7-0 bWDPZI"
>
  <div
    className="StyledBox-sc-13pk1d4-0 bxevCE"
  >
    <div
      className="StyledBox-sc-13pk1d4-0 bJtzEt"
      style={
        Object {
          "marginBottom": "3%",
        }
      }
    >
      <img
        className="StyledImage-ey4zx9-0 iBeQsm"
        src="password.svg"
      />
    </div>
    <div
      className="StyledBox-sc-13pk1d4-0 gfocoz"
    >
      <div
        className="StyledBox-sc-13pk1d4-0 clcAnq"
      >
        <div
          className="StyledTextInput__StyledTextInputContainer-sc-1x30a0s-1 dpaJQp"
        >
          <input
            autoComplete="off"
            className="StyledTextInput-sc-1x30a0s-0 hubMyb"
            name="email"
            onBlur={[Function]}
            onChange={[Function]}
            onFocus={[Function]}
            onKeyDown={[Function]}
            placeholder="Enter Registered Email"
            type="text"
            value=""
          />
        </div>
        <button
          aria-label="Open Drop"
          className="StyledButton-sc-323bzc-0 ebqXLG Select__StyledSelectDropButton-sc-17idtfo-1 iGEQF"
          id="select"
          onBlur={[Function]}
          onClick={[Function]}
          onFocus={[Function]}
          onKeyDown={[Function]}
          onMouseOut={[Function]}
          onMouseOver={[Function]}
          type="button"
        >
          <div
            className="StyledBox-sc-13pk1d4-0 jmuHez"
          >
            <div
              className="StyledBox-sc-13pk1d4-0 iAryDB"
            >
              <div
                className="StyledTextInput__StyledTextInputContainer-sc-1x30a0s-1 dpaJQp"
              >
                <input
                  autoComplete="off"
                  className="StyledTextInput-sc-1x30a0s-0 iuIygK Select__SelectTextInput-sc-17idtfo-0 bIurki"
                  id="select__input"
                  name="id"
                  onBlur={[Function]}
                  onFocus={[Function]}
                  onKeyDown={[Function]}
                  placeholder="Choose.."
                  readOnly={true}
                  tabIndex="-1"
                  type="text"
                  value=""
                />
              </div>
            </div>
            <div
              className="StyledBox-sc-13pk1d4-0 eA-DBEo"
              style={
                Object {
                  "minWidth": "auto",
                }
              }
            >
              <svg
                aria-label="FormDown"
                className="StyledIcon-ofa7kd-0 fuviCN"
                viewBox="0 0 24 24"
              >
                <polyline
                  fill="none"
                  points="18 9 12 15 6 9"
                  stroke="#000"
                  strokeWidth="2"
                />
              </svg>
            </div>
          </div>
        </button>
      </div>
      <div
        className="StyledBox-sc-13pk1d4-0 cgsQvy"
      >
        <button
          className="StyledButton-sc-323bzc-0 iVPikU"
          onBlur={[Function]}
          onClick={[Function]}
          onFocus={[Function]}
          onMouseOut={[Function]}
          onMouseOver={[Function]}
          type="submit"
        >
          Get Password
        </button>
      </div>
    </div>
  </div>
</div>
`;
